// Jest Snapshot v1, https://goo.gl/fbAQLP

exports[`App  should render correctly  1`] = `
<div
  className="HelpCentre"
  style={
    Object {
      "marginTop": 60,
    }
  }
>
  <div>
    <Connect(HelpCard) />
  </div>
</div>
`;
