// Jest Snapshot v1, https://goo.gl/fbAQLP

exports[`Notifications page the notifications page should render correctly 1`] = `
<div
  className="Notifications"
  style={
    Object {
      "marginTop": 60,
    }
  }
>
  <Connect(NotifCard) />
</div>
`;
